\BOOKMARK [1][-]{section*.4}{\376\377\000I\000n\000t\000r\000o\000d\000u\000c\000t\000i\000o\000n}{}% 1
\BOOKMARK [1][-]{section*.5}{\376\377\000D\000a\000t\000a\000,\000\040\000L\000e\000a\000k\000a\000g\000e\000\040\000A\000u\000d\000i\000t\000,\000\040\000a\000n\000d\000\040\000E\000x\000p\000l\000o\000r\000a\000t\000o\000r\000y\000\040\000A\000n\000a\000l\000y\000s\000i\000s}{}% 2
\BOOKMARK [2][-]{section*.6}{\376\377\000C\000l\000a\000s\000s\000\040\000B\000a\000l\000a\000n\000c\000e}{section*.5}% 3
\BOOKMARK [2][-]{section*.8}{\376\377\000D\000u\000p\000l\000i\000c\000a\000t\000e\000\040\000R\000o\000w\000s\000\040\000a\000n\000d\000\040\000D\000u\000p\000l\000i\000c\000a\000t\000e\000\040\000U\000R\000L\000s}{section*.5}% 4
\BOOKMARK [2][-]{section*.9}{\376\377\000L\000e\000a\000k\000a\000g\000e\000\040\000C\000h\000e\000c\000k\000\040\0001\000:\000\040\000U\000R\000L\000S\000i\000m\000i\000l\000a\000r\000i\000t\000y\000I\000n\000d\000e\000x}{section*.5}% 5
\BOOKMARK [2][-]{section*.11}{\376\377\000L\000e\000a\000k\000a\000g\000e\000\040\000C\000h\000e\000c\000k\000\040\0002\000:\000\040\000T\000o\000o\000-\000P\000e\000r\000f\000e\000c\000t\000\040\000Y\000e\000s\000/\000N\000o\000\040\000F\000e\000a\000t\000u\000r\000e\000s}{section*.5}% 6
\BOOKMARK [2][-]{section*.12}{\376\377\000L\000e\000a\000k\000a\000g\000e\000\040\000C\000h\000e\000c\000k\000\040\0003\000:\000\040\000R\000e\000p\000e\000a\000t\000e\000d\000\040\000D\000o\000m\000a\000i\000n\000s}{section*.5}% 7
\BOOKMARK [2][-]{section*.13}{\376\377\000T\000h\000e\000\040\000T\000L\000D\000\040\000C\000o\000l\000u\000m\000n}{section*.5}% 8
\BOOKMARK [2][-]{section*.14}{\376\377\000W\000h\000i\000c\000h\000\040\000S\000a\000f\000e\000\040\000F\000e\000a\000t\000u\000r\000e\000s\000\040\000C\000o\000r\000r\000e\000l\000a\000t\000e\000\040\000w\000i\000t\000h\000\040\000t\000h\000e\000\040\000L\000a\000b\000e\000l\000?}{section*.5}% 9
\BOOKMARK [2][-]{section*.16}{\376\377\000A\000\040\000C\000l\000o\000s\000e\000r\000\040\000L\000o\000o\000k\000\040\000a\000t\000\040\000I\000n\000d\000i\000v\000i\000d\000u\000a\000l\000\040\000F\000e\000a\000t\000u\000r\000e\000s}{section*.5}% 10
\BOOKMARK [2][-]{section*.18}{\376\377\000D\000o\000\040\000A\000n\000y\000\040\000F\000e\000a\000t\000u\000r\000e\000s\000\040\000D\000u\000p\000l\000i\000c\000a\000t\000e\000\040\000E\000a\000c\000h\000\040\000O\000t\000h\000e\000r\000?}{section*.5}% 11
\BOOKMARK [2][-]{section*.20}{\376\377\000S\000u\000m\000m\000a\000r\000y\000\040\000o\000f\000\040\000t\000h\000e\000\040\000D\000a\000t\000a\000\040\000A\000u\000d\000i\000t}{section*.5}% 12
\BOOKMARK [1][-]{section*.21}{\376\377\000C\000l\000a\000s\000s\000i\000c\000a\000l\000\040\000M\000o\000d\000e\000l\000s}{}% 13
\BOOKMARK [2][-]{section*.22}{\376\377\000E\000n\000g\000i\000n\000e\000e\000r\000e\000d\000\040\000F\000e\000a\000t\000u\000r\000e\000s}{section*.21}% 14
\BOOKMARK [2][-]{section*.24}{\376\377\000A\000s\000s\000e\000m\000b\000l\000i\000n\000g\000\040\000t\000h\000e\000\040\000M\000o\000d\000e\000l\000i\000n\000g\000\040\000F\000r\000a\000m\000e}{section*.21}% 15
\BOOKMARK [2][-]{section*.25}{\376\377\000M\000o\000d\000e\000l\000\040\000R\000o\000s\000t\000e\000r}{section*.21}% 16
\BOOKMARK [2][-]{section*.28}{\376\377\000C\000l\000a\000s\000s\000-\000I\000m\000b\000a\000l\000a\000n\000c\000e\000\040\000H\000a\000n\000d\000l\000i\000n\000g}{section*.21}% 17
\BOOKMARK [2][-]{section*.30}{\376\377\000T\000u\000n\000i\000n\000g\000\040\000t\000h\000e\000\040\000S\000t\000r\000o\000n\000g\000e\000s\000t\000\040\000M\000o\000d\000e\000l}{section*.21}% 18
\BOOKMARK [2][-]{section*.31}{\376\377\000F\000e\000a\000t\000u\000r\000e\000\040\000I\000m\000p\000o\000r\000t\000a\000n\000c\000e}{section*.21}% 19
\BOOKMARK [2][-]{section*.33}{\376\377\000D\000o\000e\000s\000\040\000a\000\040\000H\000a\000n\000d\000f\000u\000l\000\040\000o\000f\000\040\000F\000e\000a\000t\000u\000r\000e\000s\000\040\000M\000a\000t\000c\000h\000\040\000t\000h\000e\000\040\000F\000u\000l\000l\000\040\000M\000o\000d\000e\000l\000?}{section*.21}% 20
\BOOKMARK [2][-]{section*.35}{\376\377\000C\000o\000s\000t\000-\000S\000e\000n\000s\000i\000t\000i\000v\000e\000\040\000D\000e\000c\000i\000s\000i\000o\000n\000\040\000L\000a\000y\000e\000r}{section*.21}% 21
\BOOKMARK [2][-]{section*.37}{\376\377\000B\000u\000s\000i\000n\000e\000s\000s\000\040\000M\000e\000t\000r\000i\000c\000:\000\040\000I\000t\000\040\000D\000e\000p\000e\000n\000d\000s\000\040\000o\000n\000\040\000t\000h\000e\000\040\000D\000e\000p\000l\000o\000y\000m\000e\000n\000t}{section*.21}% 22
\BOOKMARK [2][-]{section*.38}{\376\377\000S\000u\000m\000m\000a\000r\000y\000\040\000a\000n\000d\000\040\000H\000a\000n\000d\000-\000O\000f\000f}{section*.21}% 23
\BOOKMARK [1][-]{section*.39}{\376\377\000C\000h\000a\000r\000a\000c\000t\000e\000r\000-\000L\000e\000v\000e\000l\000\040\000M\000o\000d\000e\000l\000,\000\040\000C\000l\000u\000s\000t\000e\000r\000i\000n\000g\000,\000\040\000a\000n\000d\000\040\000S\000t\000a\000t\000e\000\040\000o\000f\000\040\000t\000h\000e\000\040\000A\000r\000t}{}% 24
\BOOKMARK [2][-]{section*.40}{\376\377\000R\000e\000g\000i\000s\000t\000e\000r\000e\000d\000-\000D\000o\000m\000a\000i\000n\000\040\000G\000r\000o\000u\000p\000i\000n\000g\000\040\000D\000e\000c\000i\000s\000i\000o\000n}{section*.39}% 25
\BOOKMARK [2][-]{section*.42}{\376\377\000C\000h\000a\000r\000a\000c\000t\000e\000r\000-\000L\000e\000v\000e\000l\000\040\000M\000o\000d\000e\000l\000\040\000o\000n\000\040\000t\000h\000e\000\040\000R\000a\000w\000\040\000U\000R\000L}{section*.39}% 26
\BOOKMARK [3][-]{section*.43}{\376\377\000A\000r\000c\000h\000i\000t\000e\000c\000t\000u\000r\000e}{section*.42}% 27
\BOOKMARK [3][-]{section*.44}{\376\377\000F\000i\000n\000d\000i\000n\000g\000s}{section*.42}% 28
\BOOKMARK [2][-]{section*.47}{\376\377\000C\000l\000u\000s\000t\000e\000r\000i\000n\000g\000:\000\040\000P\000h\000i\000s\000h\000i\000n\000g\000\040\000A\000t\000t\000a\000c\000k\000\040\000F\000a\000m\000i\000l\000i\000e\000s}{section*.39}% 29
\BOOKMARK [3][-]{section*.48}{\376\377\000C\000h\000o\000o\000s\000i\000n\000g\000\040\000k}{section*.47}% 30
\BOOKMARK [3][-]{section*.51}{\376\377\000T\000h\000e\000\040\000F\000i\000v\000e\000\040\000F\000a\000m\000i\000l\000i\000e\000s}{section*.47}% 31
\BOOKMARK [3][-]{section*.53}{\376\377\000W\000h\000a\000t\000\040\000t\000h\000e\000\040\000C\000l\000u\000s\000t\000e\000r\000i\000n\000g\000\040\000S\000h\000o\000w\000s}{section*.47}% 32
\BOOKMARK [2][-]{section*.55}{\376\377\000S\000t\000a\000t\000e\000-\000o\000f\000-\000t\000h\000e\000-\000A\000r\000t\000\040\000C\000o\000m\000p\000a\000r\000i\000s\000o\000n}{section*.39}% 33
\BOOKMARK [3][-]{section*.57}{\376\377\000P\000u\000b\000l\000i\000s\000h\000e\000d\000\040\000R\000e\000s\000u\000l\000t\000s\000\040\000i\000n\000\040\000C\000o\000n\000t\000e\000x\000t}{section*.55}% 34
\BOOKMARK [3][-]{section*.60}{\376\377\000W\000h\000e\000r\000e\000\040\000O\000u\000r\000\040\000R\000e\000s\000u\000l\000t\000s\000\040\000L\000a\000n\000d}{section*.55}% 35
\BOOKMARK [1][-]{section*.61}{\376\377\000S\000y\000n\000t\000h\000e\000s\000i\000s\000\040\000a\000n\000d\000\040\000D\000i\000s\000c\000u\000s\000s\000i\000o\000n}{}% 36
\BOOKMARK [1][-]{section*.62}{\376\377\000C\000o\000n\000c\000l\000u\000s\000i\000o\000n}{}% 37
\BOOKMARK [2][-]{section*.64}{\376\377\000N\000o\000t\000e\000b\000o\000o\000k\000\040\0000\0001\000\040\040\023\000\040\000L\000o\000a\000d\000,\000\040\000L\000e\000a\000k\000a\000g\000e\000,\000\040\000E\000D\000A\000\040\000\050\000G\000u\000n\000a\000\040\000P\000a\000s\000u\000p\000a\000t\000h\000y\000\051}{section*.62}% 38
\BOOKMARK [2][-]{section*.65}{\376\377\000N\000o\000t\000e\000b\000o\000o\000k\000\040\0000\0002\000\040\040\023\000\040\000C\000l\000a\000s\000s\000i\000c\000a\000l\000\040\000M\000o\000d\000e\000l\000s\000\040\000\050\000J\000a\000s\000o\000n\000\040\000J\000u\000s\000t\000i\000c\000e\000\051}{section*.62}% 39
\BOOKMARK [2][-]{section*.66}{\376\377\000N\000o\000t\000e\000b\000o\000o\000k\000\040\0000\0003\000\040\040\023\000\040\000C\000h\000a\000r\000C\000N\000N\000,\000\040\000C\000l\000u\000s\000t\000e\000r\000i\000n\000g\000,\000\040\000S\000O\000T\000A\000\040\000\050\000P\000r\000a\000n\000a\000v\000\040\000D\000h\000i\000n\000a\000k\000a\000r\000\051}{section*.62}% 40
